// Jest Snapshot v1, https://goo.gl/fbAQLP

exports[`<RequestReset/> renders and matches the snapshot 1`] = `
<form
  className="Form-sc-1xszr8q-0 krRxky"
  data-test="form"
  method="post"
  onSubmit={[Function]}
>
  <DisplayError
    error={Object {}}
  />
  <fieldset
    aria-busy={false}
    disabled={false}
  >
    <h2>
      Request a password reset
    </h2>
    <label
      htmlFor="email"
    >
      Email
      <input
        name="email"
        onChange={[Function]}
        placeholder="Email"
        type="email"
        value=""
      />
    </label>
    <button
      type="submit"
    >
      Request Reset!
    </button>
  </fieldset>
</form>
`;
